2026-10-03 09:51:32.798 | info     |          Device | Opening user mode device driver (tt_cluster.cpp:223)
2026-10-03 09:51:32.798 | info     |             UMD | Cluster constructor started. (cluster.cpp:405)
2026-10-03 09:51:32.814 | info     |             UMD | Creating TopologyDiscovery for architecture: wormhole_b0 (topology_discovery.cpp:131)
2026-10-03 09:51:32.814 | info     |             UMD | Starting topology discovery. (topology_discovery.cpp:150)
2026-10-03 09:51:32.880 | info     |             UMD | Established firmware bundle version: 19.8.1 (topology_discovery.cpp:654)
2026-10-03 09:51:32.910 | info     |             UMD | Completed topology discovery. (topology_discovery.cpp:154)
2026-10-03 09:51:32.918 | warning  |             UMD | Board 0x100035100000000 has 24 chips, but expected 32 chips for board type ubb. (cluster_descriptor.cpp:1263)
2026-10-03 09:51:32.918 | warning  |             UMD | Board 0x100035130000000 has 8 chips, but expected 32 chips for board type ubb. (cluster_descriptor.cpp:1263)
2026-10-03 09:51:34.380 | info     |             UMD | Opening local chip ids/PCIe ids: {0, 1, 2, 3, 4, 5, 6, 7, 8, 9, 10, 11, 12, 13, 14, 15, 16, 17, 18, 19, 20, 21, 22, 23, 24, 25, 26, 27, 28, 29, 30, 31}/[16, 17, 18, 19, 20, 21, 22, 23, 24, 25, 26, 27, 28, 29, 30, 31, 8, 9, 10, 11, 12, 13, 14, 15, 0, 1, 2, 3, 4, 5, 6, 7] and remote chip ids {} (cluster.cpp:172)
2026-10-03 09:51:34.380 | info     |             UMD | IOMMU: enabled (cluster.cpp:146)
2026-10-03 09:51:34.380 | info     |             UMD | KMD version: 2.9.0 (cluster.cpp:149)
2026-10-03 09:51:34.380 | info     |             UMD | Cluster constructor completed. (cluster.cpp:719)
2026-10-03 09:51:34.401 | info     |             UMD | Starting devices in cluster (cluster.cpp:1305)
2026-10-03 09:51:34.460 | info     |             UMD | Starting devices in cluster completed. (cluster.cpp:1314)
2026-10-03 09:51:34.538 | info     |          Device | Slow dispatch mode: Using full logical grid (8, 10) (core_descriptor.cpp:257)
2026-10-03 09:51:34.538 | info     |     Distributed | Using auto discovery to generate mesh graph. (metal_env.cpp:421)
2026-10-03 09:51:34.538 | info     |     Distributed | Constructing control plane using auto-discovery (no mesh graph descriptor). (metal_env.cpp:483)
2026-10-03 09:51:34.622 | info     |          Fabric | Loaded physical groupings from: /localdev/ijankowski/tt-metal-pin/tests/tt_metal/tt_fabric/physical_groupings/wh_bh_rev_c_galaxy_physical_grouping_descriptor.textproto (physical_grouping_descriptor_core.cpp:813)
2026-10-03 09:51:34.655 | info     |          Fabric | Matching MESH mgd groupings to MESH groupings (physical_grouping_descriptor_matching.cpp:1428)
2026-10-03 09:51:34.655 | info     |          Fabric | Grouping valid candidates by node difference (physical_grouping_descriptor_matching.cpp:1522)
2026-10-03 09:51:34.659 | info     |          Fabric | Physical groupings: Mesh graph descriptor 'M0': 4 topology match(es), committed: 4x8_Mesh_flat (MESH), 4x8_Mesh_flat_torus_x (TORUSX), 4x8_Mesh_flat_torus_y (TORUSY), 4x8_Mesh_flat_torus_xy (TORUSXY) (physical_grouping_descriptor_matching.cpp:1731)
2026-10-03 09:51:34.662 | info     |          Fabric | Physical groupings: Mesh graph descriptor 'M0': MGD placement fallback M0 (MESH) embeds on PSD (physical_grouping_descriptor_matching.cpp:1848)
2026-10-03 09:51:34.694 | info     |          Device | Slow dispatch mode: Using full logical grid (8, 10) (core_descriptor.cpp:257)
2026-10-03 09:51:34.874 | warning  |           Metal | Opening subset of mmio devices slows down UMD read/write to remote chips. If opening more devices, consider using distributed::MeshDevice::create_unit_meshes(). (device_manager.cpp:264)
2026-10-03 09:51:34.885 | info     |           Metal | Profiler started on device 0 (profiler_initializer.cpp:49)
Building brisc, compile step:
/localdev/ijankowski/tt-metal-pin/runtime/sfpi/compiler/bin/riscv-tt-elf-g++ -O2 -std=c++17 -ftt-nttp -ftt-constinit -ftt-consteval -ftt-no-dyninit -flto=1 -flto-partition=one -ffast-math -fno-finite-math-only -fsigned-zeros -fno-associative-math -fno-exceptions -fno-rtti -fno-use-cxa-atexit -g -MMD -Wall -Werror -Wno-error=deprecated-declarations -Wno-error=multistatement-macros -Wno-error=parentheses -Wno-error=unused-but-set-variable -Wno-unused-variable -Wno-unused-function --param=min-pagesize=0 -mcpu=tt-wh -fno-tree-loop-distribute-patterns -Winvalid-pch -Wno-error=invalid-pch -I. -I.. -I/localdev/ijankowski/tt-metal-pin/ -I/localdev/ijankowski/tt-metal-pin/ttnn -I/localdev/ijankowski/tt-metal-pin/ttnn/cpp -I/localdev/ijankowski/tt-metal-pin/tt_metal -I/localdev/ijankowski/tt-metal-pin/tt_metal/hw/inc -I/localdev/ijankowski/tt-metal-pin/tt_metal/tt-llk/common -I/localdev/ijankowski/tt-metal-pin/tt_metal/tt-llk/tools/include -I/localdev/ijankowski/tt-metal-pin/tt_metal/hostdevcommon/api -I/localdev/ijankowski/tt-metal-pin/tt_metal/api/ -I/localdev/ijankowski/tt-metal-pin/tt_metal/hw/ckernels/wormhole_b0/metal/common -I/localdev/ijankowski/tt-metal-pin/tt_metal/hw/ckernels/wormhole_b0/metal/llk_io -I/localdev/ijankowski/tt-metal-pin/tt_metal/hw/inc/internal/tt-1xx -I/localdev/ijankowski/tt-metal-pin/tt_metal/hw/inc/internal/tt-1xx/wormhole -I/localdev/ijankowski/tt-metal-pin/tt_metal/hw/inc/internal/tt-1xx/wormhole/wormhole_b0_defines -I/localdev/ijankowski/tt-metal-pin/tt_metal/hw/inc/internal/tt-1xx/wormhole/noc -I/localdev/ijankowski/tt-metal-pin/tt_metal/tt-llk/tt_llk_wormhole_b0/common/inc -I/localdev/ijankowski/tt-metal-pin/tt_metal/tt-llk/tt_llk_wormhole_b0/llk_lib -I/localdev/ijankowski/tt-metal-pin/tt_metal/hw/firmware/src/tt-1xx -I/home/ijankowski/tmp/numerical-backward-synthesis/tt/kernels/dataflow -include /localdev/ijankowski/tt-metal-cache/tt-metal-cache/pch/19830d7f1f56cafc/pch.h -DIS_NOT_POW2_NUM_DRAM_BANKS=1 -DIS_NOT_POW2_NUM_L1_BANKS=1 -DNUM_DRAM_BANKS=12 -DNUM_L1_BANKS=80 -DPCIE_NOC_X=0 -DPCIE_NOC_Y=3 -DTENSIX_FIRMWARE -DLOCAL_MEM_EN=0 -DPROFILE_KERNEL=1 -DPROFILER_FULL_HOST_BUFFER_SIZE_PER_RISC=48000 -DPROCESSOR_INDEX=0 -DCOMPILE_FOR_BRISC -DPROGRAMMABLE_CORE_TYPE=0 -DARCH_WORMHOLE -DDISPATCH_MESSAGE_ADDR=4290183304 -DKERNEL_BUILD -DNOC_INDEX=0 -DNOC_MODE=0 -DFULL_KERNEL_NAME="reader_dual_tiles/4679618561413340405/" -DKERNEL_COMPILE_TIME_ARGS=0,1 -c -o /localdev/ijankowski/tt-metal-cache/tt-metal-cache16910734055087701861/kernels/reader_dual_tiles/4679618561413340405/brisc/brisck.971022583314083220_5732.o /localdev/ijankowski/tt-metal-pin/tt_metal/hw/firmware/src/tt-1xx/brisck.cc -MF /localdev/ijankowski/tt-metal-cache/tt-metal-cache16910734055087701861/kernels/reader_dual_tiles/4679618561413340405/brisc/brisck.971022583314083220_5732.d
In file included from /localdev/ijankowski/tt-metal-pin/tt_metal/hw/inc/api/dataflow/dataflow_api.h:24,
                 from /localdev/ijankowski/tt-metal-pin/tt_metal/hw/inc/internal/firmware_common.h:23,
                 from /localdev/ijankowski/tt-metal-pin/tt_metal/hw/firmware/src/tt-1xx/brisck.cc:16:
/localdev/ijankowski/tt-metal-pin/tt_metal/tools/profiler/kernel_profiler.hpp: In function 'void kernel_profiler::finish_profiler(bool)':
/localdev/ijankowski/tt-metal-pin/tt_metal/tools/profiler/kernel_profiler.hpp:32:22: note: '#pragma message: PROFILER-NOC-FLUSH,/localdev/ijankowski/tt-metal-pin/tt_metal/tools/profiler/kernel_profiler.hpp,481,KERNEL_PROFILER'
   32 | #define DO_PRAGMA(x) _Pragma(#x)
      |                      ^~~~~~~
/localdev/ijankowski/tt-metal-pin/tt_metal/tools/profiler/kernel_profiler.hpp:42:5: note: in expansion of macro 'DO_PRAGMA'
   42 |     DO_PRAGMA(message(PROFILER_MSG_NAME(name))); \
      |     ^~~~~~~~~
/localdev/ijankowski/tt-metal-pin/tt_metal/tools/profiler/kernel_profiler.hpp:481:17: note: in expansion of macro 'SrcLocNameToHash'
  481 |                 SrcLocNameToHash("PROFILER-NOC-FLUSH");
      |                 ^~~~~~~~~~~~~~~~
/localdev/ijankowski/tt-metal-pin/tt_metal/tools/profiler/kernel_profiler.hpp:32:22: note: '#pragma message: PROFILER-DRAM-PUSH,/localdev/ijankowski/tt-metal-pin/tt_metal/tools/profiler/kernel_profiler.hpp,490,KERNEL_PROFILER'
   32 | #define DO_PRAGMA(x) _Pragma(#x)
      |                      ^~~~~~~
/localdev/ijankowski/tt-metal-pin/tt_metal/tools/profiler/kernel_profiler.hpp:42:5: note: in expansion of macro 'DO_PRAGMA'
   42 |     DO_PRAGMA(message(PROFILER_MSG_NAME(name))); \
      |     ^~~~~~~~~
/localdev/ijankowski/tt-metal-pin/tt_metal/tools/profiler/kernel_profiler.hpp:490:17: note: in expansion of macro 'SrcLocNameToHash'
  490 |                 SrcLocNameToHash("PROFILER-DRAM-PUSH");
      |                 ^~~~~~~~~~~~~~~~
/localdev/ijankowski/tt-metal-pin/tt_metal/tools/profiler/kernel_profiler.hpp: In function 'void kernel_profiler::quick_push()':
/localdev/ijankowski/tt-metal-pin/tt_metal/tools/profiler/kernel_profiler.hpp:32:22: note: '#pragma message: PROFILER-NOC-QUICK-PUSH,/localdev/ijankowski/tt-metal-pin/tt_metal/tools/profiler/kernel_profiler.hpp,633,KERNEL_PROFILER'
   32 | #define DO_PRAGMA(x) _Pragma(#x)
      |                      ^~~~~~~
/localdev/ijankowski/tt-metal-pin/tt_metal/tools/profiler/kernel_profiler.hpp:42:5: note: in expansion of macro 'DO_PRAGMA'
   42 |     DO_PRAGMA(message(PROFILER_MSG_NAME(name))); \
      |     ^~~~~~~~~
/localdev/ijankowski/tt-metal-pin/tt_metal/tools/profiler/kernel_profiler.hpp:633:5: note: in expansion of macro 'SrcLocNameToHash'
  633 |     SrcLocNameToHash("PROFILER-NOC-QUICK-PUSH");
      |     ^~~~~~~~~~~~~~~~
In file included from ../kernel_includes.hpp:2,
                 from /localdev/ijankowski/tt-metal-pin/tt_metal/hw/firmware/src/tt-1xx/brisck.cc:21:
/home/ijankowski/tmp/numerical-backward-synthesis/tt/kernels/dataflow/reader_dual_tiles.cpp: In function 'void kernel_main()':
/home/ijankowski/tmp/numerical-backward-synthesis/tt/kernels/dataflow/reader_dual_tiles.cpp:21:24: warning: 'void noc_async_read_tile(uint32_t, const InterleavedAddrGenFast<DRAM, tile_hw>&, uint32_t, uint32_t, uint8_t) [with bool DRAM = true; long unsigned int tile_hw = 1024; uint32_t = long unsigned int; uint8_t = unsigned char]' is deprecated: Use <typename AddrGen> noc_async_read_page instead. [-Wdeprecated-declarations]
   21 |     noc_async_read_tile(i, src0, get_write_ptr(cb_x));
      |     ~~~~~~~~~~~~~~~~~~~^~~~~~~~~~~~~~~~~~~~~~~~~~~~~~
/localdev/ijankowski/tt-metal-pin/tt_metal/hw/inc/api/dataflow/dataflow_api.h:1173:19: note: declared here
 1173 | FORCE_INLINE void noc_async_read_tile(
      |                   ^~~~~~~~~~~~~~~~~~~
/home/ijankowski/tmp/numerical-backward-synthesis/tt/kernels/dataflow/reader_dual_tiles.cpp:22:24: warning: 'void noc_async_read_tile(uint32_t, const InterleavedAddrGenFast<DRAM, tile_hw>&, uint32_t, uint32_t, uint8_t) [with bool DRAM = true; long unsigned int tile_hw = 1024; uint32_t = long unsigned int; uint8_t = unsigned char]' is deprecated: Use <typename AddrGen> noc_async_read_page instead. [-Wdeprecated-declarations]
   22 |     noc_async_read_tile(i, src1, get_write_ptr(cb_g));
      |     ~~~~~~~~~~~~~~~~~~~^~~~~~~~~~~~~~~~~~~~~~~~~~~~~~
/localdev/ijankowski/tt-metal-pin/tt_metal/hw/inc/api/dataflow/dataflow_api.h:1173:19: note: declared here
 1173 | FORCE_INLINE void noc_async_read_tile(
      |                   ^~~~~~~~~~~~~~~~~~~
/localdev/ijankowski/tt-metal-pin/tt_metal/hw/firmware/src/tt-1xx/brisck.cc: In function 'uint32_t _start()':
/localdev/ijankowski/tt-metal-pin/tt_metal/tools/profiler/kernel_profiler.hpp:32:22: note: '#pragma message: BRISC-KERNEL,/localdev/ijankowski/tt-metal-pin/tt_metal/hw/firmware/src/tt-1xx/brisck.cc,77,KERNEL_PROFILER'
   32 | #define DO_PRAGMA(x) _Pragma(#x)
      |                      ^~~~~~~
/localdev/ijankowski/tt-metal-pin/tt_metal/tools/profiler/kernel_profiler.hpp:1047:5: note: in expansion of macro 'DO_PRAGMA'
 1047 |     DO_PRAGMA(message(PROFILER_MSG_NAME(name)));                               \
      |     ^~~~~~~~~
/localdev/ijankowski/tt-metal-pin/tt_metal/hw/firmware/src/tt-1xx/brisck.cc:77:9: note: in expansion of macro 'DeviceZoneScopedMainChildN'
   77 |         DeviceZoneScopedMainChildN("BRISC-KERNEL");
      |         ^~~~~~~~~~~~~~~~~~~~~~~~~~
Building trisc0, compile step:
/localdev/ijankowski/tt-metal-pin/runtime/sfpi/compiler/bin/riscv-tt-elf-g++ -O3 -std=c++17 -ftt-nttp -ftt-constinit -ftt-consteval -ftt-no-dyninit -flto=1 -flto-partition=one -ffast-math -fno-finite-math-only -fsigned-zeros -fno-associative-math -fno-exceptions -fno-rtti -fno-use-cxa-atexit -g -MMD -Wall -Werror -Wno-error=deprecated-declarations -Wno-error=multistatement-macros -Wno-error=parentheses -Wno-error=unused-but-set-variable -Wno-unused-variable -Wno-unused-function --param=min-pagesize=0 -mcpu=tt-wh-tensix -Winvalid-pch -Wno-error=invalid-pch -I. -I.. -I/localdev/ijankowski/tt-metal-pin/ -I/localdev/ijankowski/tt-metal-pin/ttnn -I/localdev/ijankowski/tt-metal-pin/ttnn/cpp -I/localdev/ijankowski/tt-metal-pin/tt_metal -I/localdev/ijankowski/tt-metal-pin/tt_metal/hw/inc -I/localdev/ijankowski/tt-metal-pin/tt_metal/tt-llk/common -I/localdev/ijankowski/tt-metal-pin/tt_metal/tt-llk/tools/include -I/localdev/ijankowski/tt-metal-pin/tt_metal/hostdevcommon/api -I/localdev/ijankowski/tt-metal-pin/tt_metal/api/ -I/localdev/ijankowski/tt-metal-pin/runtime/sfpi/include -I/localdev/ijankowski/tt-metal-pin/tt_metal/hw/ckernels/wormhole_b0/metal/common -I/localdev/ijankowski/tt-metal-pin/tt_metal/hw/ckernels/wormhole_b0/metal/llk_io -I/localdev/ijankowski/tt-metal-pin/tt_metal/hw/inc/internal/tt-1xx -I/localdev/ijankowski/tt-metal-pin/tt_metal/hw/inc/internal/tt-1xx/wormhole -I/localdev/ijankowski/tt-metal-pin/tt_metal/hw/inc/internal/tt-1xx/wormhole/wormhole_b0_defines -I/localdev/ijankowski/tt-metal-pin/tt_metal/hw/inc/internal/tt-1xx/wormhole/noc -I/localdev/ijankowski/tt-metal-pin/tt_metal/tt-llk/tt_llk_wormhole_b0/common/inc -I/localdev/ijankowski/tt-metal-pin/tt_metal/tt-llk/tt_llk_wormhole_b0/llk_lib -I/localdev/ijankowski/tt-metal-pin/tt_metal/hw/ckernels/wormhole_b0/metal/llk_api -I/localdev/ijankowski/tt-metal-pin/tt_metal/hw/ckernels/wormhole_b0/metal/llk_api/llk_sfpu -I/localdev/ijankowski/tt-metal-pin/tt_metal/hw/firmware/src/tt-1xx -I/home/ijankowski/tmp/numerical-backward-synthesis/tt/kernels/compute -include /localdev/ijankowski/tt-metal-cache/tt-metal-cache/pch/8087c23d45df8f4c/pch.h -DIS_NOT_POW2_NUM_DRAM_BANKS=1 -DIS_NOT_POW2_NUM_L1_BANKS=1 -DNUM_DRAM_BANKS=12 -DNUM_L1_BANKS=80 -DPCIE_NOC_X=0 -DPCIE_NOC_Y=3 -DTENSIX_FIRMWARE -DLOCAL_MEM_EN=0 -DPROFILE_KERNEL=1 -DPROFILER_FULL_HOST_BUFFER_SIZE_PER_RISC=48000 -DPROCESSOR_INDEX=2 -DUCK_CHLKC_UNPACK -DCOMPILE_FOR_TRISC=0 -DPROGRAMMABLE_CORE_TYPE=0 -DARCH_WORMHOLE -DDISPATCH_MESSAGE_ADDR=4290183304 -DKERNEL_BUILD -DFULL_KERNEL_NAME="tanh_bw_tail_fused/2648999104648266046/" -DKERNEL_COMPILE_TIME_ARGS=3 -c -o /localdev/ijankowski/tt-metal-cache/tt-metal-cache16910734055087701861/kernels/tanh_bw_tail_fused/2648999104648266046/trisc0/trisck.971022583314083220_5732.o /localdev/ijankowski/tt-metal-pin/tt_metal/hw/firmware/src/tt-1xx/trisck.cc -MF /localdev/ijankowski/tt-metal-cache/tt-metal-cache16910734055087701861/kernels/tanh_bw_tail_fused/2648999104648266046/trisc0/trisck.971022583314083220_5732.d
In file included from /localdev/ijankowski/tt-metal-pin/tt_metal/hw/ckernels/wormhole_b0/metal/llk_io/llk_io_unpack.h:13,
                 from /localdev/ijankowski/tt-metal-pin/tt_metal/hw/inc/api/compute/cb_api.h:15,
                 from /localdev/ijankowski/tt-metal-pin/tt_metal/hw/inc/api/compute/common.h:11,
                 from /home/ijankowski/tmp/numerical-backward-synthesis/tt/kernels/compute/tanh_bw_tail_fused.cpp:3,
                 from ../chlkc_unpack.cpp:4,
                 from /localdev/ijankowski/tt-metal-pin/tt_metal/hw/ckernels/wormhole_b0/metal/common/chlkc_list.h:26,
                 from /localdev/ijankowski/tt-metal-pin/tt_metal/hw/firmware/src/tt-1xx/trisck.cc:14:
/localdev/ijankowski/tt-metal-pin/tt_metal/hw/ckernels/wormhole_b0/metal/llk_io/llk_io_unpack.h: In function 'void llk_wait_tiles(int, int32_t)':
/localdev/ijankowski/tt-metal-pin/tt_metal/tools/profiler/kernel_profiler.hpp:32:22: note: '#pragma message: CB-COMPUTE-WAIT-FRONT,/localdev/ijankowski/tt-metal-pin/tt_metal/hw/ckernels/wormhole_b0/metal/llk_io/llk_io_unpack.h,68,KERNEL_PROFILER'
   32 | #define DO_PRAGMA(x) _Pragma(#x)
      |                      ^~~~~~~
/localdev/ijankowski/tt-metal-pin/tt_metal/tools/profiler/kernel_profiler.hpp:1052:5: note: in expansion of macro 'DO_PRAGMA'
 1052 |     DO_PRAGMA(message(PROFILER_MSG_NAME(name)));                               \
      |     ^~~~~~~~~
/localdev/ijankowski/tt-metal-pin/tt_metal/hw/ckernels/wormhole_b0/metal/llk_io/llk_io_unpack.h:68:5: note: in expansion of macro 'DeviceZoneScopedSumN1'
   68 |     DeviceZoneScopedSumN1("CB-COMPUTE-WAIT-FRONT");
      |     ^~~~~~~~~~~~~~~~~~~~~
/home/ijankowski/tmp/numerical-backward-synthesis/tt/kernels/compute/tanh_bw_tail_fused.cpp: In function 'void kernel_main()':
/localdev/ijankowski/tt-metal-pin/tt_metal/tools/profiler/kernel_profiler.hpp:32:22: note: '#pragma message: BW_SYN_TANH_VENDOR_FUSED,/home/ijankowski/tmp/numerical-backward-synthesis/tt/kernels/compute/tanh_bw_tail_fused.cpp,101,KERNEL_PROFILER'
   32 | #define DO_PRAGMA(x) _Pragma(#x)
      |                      ^~~~~~~
/localdev/ijankowski/tt-metal-pin/tt_metal/tools/profiler/kernel_profiler.hpp:988:5: note: in expansion of macro 'DO_PRAGMA'
  988 |     DO_PRAGMA(message(PROFILER_MSG_NAME(name)));                               \
      |     ^~~~~~~~~
/home/ijankowski/tmp/numerical-backward-synthesis/tt/kernels/compute/tanh_bw_tail_fused.cpp:101:5: note: in expansion of macro 'DeviceZoneScopedN'
  101 |     DeviceZoneScopedN("BW_SYN_TANH_VENDOR_FUSED");
      |     ^~~~~~~~~~~~~~~~~
/localdev/ijankowski/tt-metal-pin/tt_metal/tools/profiler/kernel_profiler.hpp:32:22: note: '#pragma message: BW_SYN_TANH_TAIL_FUSED,/home/ijankowski/tmp/numerical-backward-synthesis/tt/kernels/compute/tanh_bw_tail_fused.cpp,104,KERNEL_PROFILER'
   32 | #define DO_PRAGMA(x) _Pragma(#x)
      |                      ^~~~~~~
/localdev/ijankowski/tt-metal-pin/tt_metal/tools/profiler/kernel_profiler.hpp:988:5: note: in expansion of macro 'DO_PRAGMA'
  988 |     DO_PRAGMA(message(PROFILER_MSG_NAME(name)));                               \
      |     ^~~~~~~~~
/home/ijankowski/tmp/numerical-backward-synthesis/tt/kernels/compute/tanh_bw_tail_fused.cpp:104:5: note: in expansion of macro 'DeviceZoneScopedN'
  104 |     DeviceZoneScopedN("BW_SYN_TANH_TAIL_FUSED");
      |     ^~~~~~~~~~~~~~~~~
/localdev/ijankowski/tt-metal-pin/tt_metal/hw/firmware/src/tt-1xx/trisck.cc: In function 'uint32_t _start()':
/localdev/ijankowski/tt-metal-pin/tt_metal/tools/profiler/kernel_profiler.hpp:32:22: note: '#pragma message: TRISC-KERNEL,/localdev/ijankowski/tt-metal-pin/tt_metal/hw/firmware/src/tt-1xx/trisck.cc,89,KERNEL_PROFILER'
   32 | #define DO_PRAGMA(x) _Pragma(#x)
      |                      ^~~~~~~
/localdev/ijankowski/tt-metal-pin/tt_metal/tools/profiler/kernel_profiler.hpp:1047:5: note: in expansion of macro 'DO_PRAGMA'
 1047 |     DO_PRAGMA(message(PROFILER_MSG_NAME(name)));                               \
      |     ^~~~~~~~~
/localdev/ijankowski/tt-metal-pin/tt_metal/hw/firmware/src/tt-1xx/trisck.cc:89:5: note: in expansion of macro 'DeviceZoneScopedMainChildN'
   89 |     DeviceZoneScopedMainChildN("TRISC-KERNEL");
      |     ^~~~~~~~~~~~~~~~~~~~~~~~~~
Building trisc2, compile step:
/localdev/ijankowski/tt-metal-pin/runtime/sfpi/compiler/bin/riscv-tt-elf-g++ -O3 -std=c++17 -ftt-nttp -ftt-constinit -ftt-consteval -ftt-no-dyninit -flto=1 -flto-partition=one -ffast-math -fno-finite-math-only -fsigned-zeros -fno-associative-math -fno-exceptions -fno-rtti -fno-use-cxa-atexit -g -MMD -Wall -Werror -Wno-error=deprecated-declarations -Wno-error=multistatement-macros -Wno-error=parentheses -Wno-error=unused-but-set-variable -Wno-unused-variable -Wno-unused-function --param=min-pagesize=0 -mcpu=tt-wh-tensix -Winvalid-pch -Wno-error=invalid-pch -I. -I.. -I/localdev/ijankowski/tt-metal-pin/ -I/localdev/ijankowski/tt-metal-pin/ttnn -I/localdev/ijankowski/tt-metal-pin/ttnn/cpp -I/localdev/ijankowski/tt-metal-pin/tt_metal -I/localdev/ijankowski/tt-metal-pin/tt_metal/hw/inc -I/localdev/ijankowski/tt-metal-pin/tt_metal/tt-llk/common -I/localdev/ijankowski/tt-metal-pin/tt_metal/tt-llk/tools/include -I/localdev/ijankowski/tt-metal-pin/tt_metal/hostdevcommon/api -I/localdev/ijankowski/tt-metal-pin/tt_metal/api/ -I/localdev/ijankowski/tt-metal-pin/runtime/sfpi/include -I/localdev/ijankowski/tt-metal-pin/tt_metal/hw/ckernels/wormhole_b0/metal/common -I/localdev/ijankowski/tt-metal-pin/tt_metal/hw/ckernels/wormhole_b0/metal/llk_io -I/localdev/ijankowski/tt-metal-pin/tt_metal/hw/inc/internal/tt-1xx -I/localdev/ijankowski/tt-metal-pin/tt_metal/hw/inc/internal/tt-1xx/wormhole -I/localdev/ijankowski/tt-metal-pin/tt_metal/hw/inc/internal/tt-1xx/wormhole/wormhole_b0_defines -I/localdev/ijankowski/tt-metal-pin/tt_metal/hw/inc/internal/tt-1xx/wormhole/noc -I/localdev/ijankowski/tt-metal-pin/tt_metal/tt-llk/tt_llk_wormhole_b0/common/inc -I/localdev/ijankowski/tt-metal-pin/tt_metal/tt-llk/tt_llk_wormhole_b0/llk_lib -I/localdev/ijankowski/tt-metal-pin/tt_metal/hw/ckernels/wormhole_b0/metal/llk_api -I/localdev/ijankowski/tt-metal-pin/tt_metal/hw/ckernels/wormhole_b0/metal/llk_api/llk_sfpu -I/localdev/ijankowski/tt-metal-pin/tt_metal/hw/firmware/src/tt-1xx -I/home/ijankowski/tmp/numerical-backward-synthesis/tt/kernels/compute -include /localdev/ijankowski/tt-metal-cache/tt-metal-cache/pch/8087c23d45df8f4c/pch.h -DIS_NOT_POW2_NUM_DRAM_BANKS=1 -DIS_NOT_POW2_NUM_L1_BANKS=1 -DNUM_DRAM_BANKS=12 -DNUM_L1_BANKS=80 -DPCIE_NOC_X=0 -DPCIE_NOC_Y=3 -DTENSIX_FIRMWARE -DLOCAL_MEM_EN=0 -DPROFILE_KERNEL=1 -DPROFILER_FULL_HOST_BUFFER_SIZE_PER_RISC=48000 -DPROCESSOR_INDEX=4 -DUCK_CHLKC_PACK -DCOMPILE_FOR_TRISC=2 -DPROGRAMMABLE_CORE_TYPE=0 -DARCH_WORMHOLE -DDISPATCH_MESSAGE_ADDR=4290183304 -DKERNEL_BUILD -DFULL_KERNEL_NAME="tanh_bw_tail_fused/2648999104648266046/" -DKERNEL_COMPILE_TIME_ARGS=3 -c -o /localdev/ijankowski/tt-metal-cache/tt-metal-cache16910734055087701861/kernels/tanh_bw_tail_fused/2648999104648266046/trisc2/trisck.971022583314083220_5732.o /localdev/ijankowski/tt-metal-pin/tt_metal/hw/firmware/src/tt-1xx/trisck.cc -MF /localdev/ijankowski/tt-metal-cache/tt-metal-cache16910734055087701861/kernels/tanh_bw_tail_fused/2648999104648266046/trisc2/trisck.971022583314083220_5732.d
In file included from /localdev/ijankowski/tt-metal-pin/tt_metal/hw/ckernels/wormhole_b0/metal/llk_io/llk_io_pack.h:14,
                 from /localdev/ijankowski/tt-metal-pin/tt_metal/hw/inc/api/compute/cb_api.h:12,
                 from /localdev/ijankowski/tt-metal-pin/tt_metal/hw/inc/api/compute/common.h:11,
                 from /home/ijankowski/tmp/numerical-backward-synthesis/tt/kernels/compute/tanh_bw_tail_fused.cpp:3,
                 from ../chlkc_pack.cpp:4,
                 from /localdev/ijankowski/tt-metal-pin/tt_metal/hw/ckernels/wormhole_b0/metal/common/chlkc_list.h:21,
                 from /localdev/ijankowski/tt-metal-pin/tt_metal/hw/firmware/src/tt-1xx/trisck.cc:14:
/localdev/ijankowski/tt-metal-pin/tt_metal/hw/ckernels/wormhole_b0/metal/llk_io/llk_io_pack.h: In function 'void llk_wait_for_free_tiles(int32_t, int32_t)':
/localdev/ijankowski/tt-metal-pin/tt_metal/tools/profiler/kernel_profiler.hpp:32:22: note: '#pragma message: CB-COMPUTE-RESERVE-BACK,/localdev/ijankowski/tt-metal-pin/tt_metal/hw/ckernels/wormhole_b0/metal/llk_io/llk_io_pack.h,21,KERNEL_PROFILER'
   32 | #define DO_PRAGMA(x) _Pragma(#x)
      |                      ^~~~~~~
/localdev/ijankowski/tt-metal-pin/tt_metal/tools/profiler/kernel_profiler.hpp:1057:5: note: in expansion of macro 'DO_PRAGMA'
 1057 |     DO_PRAGMA(message(PROFILER_MSG_NAME(name)));                               \
      |     ^~~~~~~~~
/localdev/ijankowski/tt-metal-pin/tt_metal/hw/ckernels/wormhole_b0/metal/llk_io/llk_io_pack.h:21:5: note: in expansion of macro 'DeviceZoneScopedSumN2'
   21 |     DeviceZoneScopedSumN2("CB-COMPUTE-RESERVE-BACK");
      |     ^~~~~~~~~~~~~~~~~~~~~
/home/ijankowski/tmp/numerical-backward-synthesis/tt/kernels/compute/tanh_bw_tail_fused.cpp: In function 'void kernel_main()':
/localdev/ijankowski/tt-metal-pin/tt_metal/tools/profiler/kernel_profiler.hpp:32:22: note: '#pragma message: BW_SYN_TANH_VENDOR_FUSED,/home/ijankowski/tmp/numerical-backward-synthesis/tt/kernels/compute/tanh_bw_tail_fused.cpp,101,KERNEL_PROFILER'
   32 | #define DO_PRAGMA(x) _Pragma(#x)
      |                      ^~~~~~~
/localdev/ijankowski/tt-metal-pin/tt_metal/tools/profiler/kernel_profiler.hpp:988:5: note: in expansion of macro 'DO_PRAGMA'
  988 |     DO_PRAGMA(message(PROFILER_MSG_NAME(name)));                               \
      |     ^~~~~~~~~
/home/ijankowski/tmp/numerical-backward-synthesis/tt/kernels/compute/tanh_bw_tail_fused.cpp:101:5: note: in expansion of macro 'DeviceZoneScopedN'
  101 |     DeviceZoneScopedN("BW_SYN_TANH_VENDOR_FUSED");
      |     ^~~~~~~~~~~~~~~~~
/localdev/ijankowski/tt-metal-pin/tt_metal/tools/profiler/kernel_profiler.hpp:32:22: note: '#pragma message: BW_SYN_TANH_TAIL_FUSED,/home/ijankowski/tmp/numerical-backward-synthesis/tt/kernels/compute/tanh_bw_tail_fused.cpp,104,KERNEL_PROFILER'
   32 | #define DO_PRAGMA(x) _Pragma(#x)
      |                      ^~~~~~~
/localdev/ijankowski/tt-metal-pin/tt_metal/tools/profiler/kernel_profiler.hpp:988:5: note: in expansion of macro 'DO_PRAGMA'
  988 |     DO_PRAGMA(message(PROFILER_MSG_NAME(name)));                               \
      |     ^~~~~~~~~
/home/ijankowski/tmp/numerical-backward-synthesis/tt/kernels/compute/tanh_bw_tail_fused.cpp:104:5: note: in expansion of macro 'DeviceZoneScopedN'
  104 |     DeviceZoneScopedN("BW_SYN_TANH_TAIL_FUSED");
      |     ^~~~~~~~~~~~~~~~~
/localdev/ijankowski/tt-metal-pin/tt_metal/hw/firmware/src/tt-1xx/trisck.cc: In function 'uint32_t _start()':
/localdev/ijankowski/tt-metal-pin/tt_metal/tools/profiler/kernel_profiler.hpp:32:22: note: '#pragma message: TRISC-KERNEL,/localdev/ijankowski/tt-metal-pin/tt_metal/hw/firmware/src/tt-1xx/trisck.cc,89,KERNEL_PROFILER'
   32 | #define DO_PRAGMA(x) _Pragma(#x)
      |                      ^~~~~~~
/localdev/ijankowski/tt-metal-pin/tt_metal/tools/profiler/kernel_profiler.hpp:1047:5: note: in expansion of macro 'DO_PRAGMA'
 1047 |     DO_PRAGMA(message(PROFILER_MSG_NAME(name)));                               \
      |     ^~~~~~~~~
/localdev/ijankowski/tt-metal-pin/tt_metal/hw/firmware/src/tt-1xx/trisck.cc:89:5: note: in expansion of macro 'DeviceZoneScopedMainChildN'
   89 |     DeviceZoneScopedMainChildN("TRISC-KERNEL");
      |     ^~~~~~~~~~~~~~~~~~~~~~~~~~
Building trisc1, compile step:
/localdev/ijankowski/tt-metal-pin/runtime/sfpi/compiler/bin/riscv-tt-elf-g++ -O3 -std=c++17 -ftt-nttp -ftt-constinit -ftt-consteval -ftt-no-dyninit -flto=1 -flto-partition=one -ffast-math -fno-finite-math-only -fsigned-zeros -fno-associative-math -fno-exceptions -fno-rtti -fno-use-cxa-atexit -g -MMD -Wall -Werror -Wno-error=deprecated-declarations -Wno-error=multistatement-macros -Wno-error=parentheses -Wno-error=unused-but-set-variable -Wno-unused-variable -Wno-unused-function --param=min-pagesize=0 -mcpu=tt-wh-tensix -Winvalid-pch -Wno-error=invalid-pch -I. -I.. -I/localdev/ijankowski/tt-metal-pin/ -I/localdev/ijankowski/tt-metal-pin/ttnn -I/localdev/ijankowski/tt-metal-pin/ttnn/cpp -I/localdev/ijankowski/tt-metal-pin/tt_metal -I/localdev/ijankowski/tt-metal-pin/tt_metal/hw/inc -I/localdev/ijankowski/tt-metal-pin/tt_metal/tt-llk/common -I/localdev/ijankowski/tt-metal-pin/tt_metal/tt-llk/tools/include -I/localdev/ijankowski/tt-metal-pin/tt_metal/hostdevcommon/api -I/localdev/ijankowski/tt-metal-pin/tt_metal/api/ -I/localdev/ijankowski/tt-metal-pin/runtime/sfpi/include -I/localdev/ijankowski/tt-metal-pin/tt_metal/hw/ckernels/wormhole_b0/metal/common -I/localdev/ijankowski/tt-metal-pin/tt_metal/hw/ckernels/wormhole_b0/metal/llk_io -I/localdev/ijankowski/tt-metal-pin/tt_metal/hw/inc/internal/tt-1xx -I/localdev/ijankowski/tt-metal-pin/tt_metal/hw/inc/internal/tt-1xx/wormhole -I/localdev/ijankowski/tt-metal-pin/tt_metal/hw/inc/internal/tt-1xx/wormhole/wormhole_b0_defines -I/localdev/ijankowski/tt-metal-pin/tt_metal/hw/inc/internal/tt-1xx/wormhole/noc -I/localdev/ijankowski/tt-metal-pin/tt_metal/tt-llk/tt_llk_wormhole_b0/common/inc -I/localdev/ijankowski/tt-metal-pin/tt_metal/tt-llk/tt_llk_wormhole_b0/llk_lib -I/localdev/ijankowski/tt-metal-pin/tt_metal/hw/ckernels/wormhole_b0/metal/llk_api -I/localdev/ijankowski/tt-metal-pin/tt_metal/hw/ckernels/wormhole_b0/metal/llk_api/llk_sfpu -I/localdev/ijankowski/tt-metal-pin/tt_metal/hw/firmware/src/tt-1xx -I/home/ijankowski/tmp/numerical-backward-synthesis/tt/kernels/compute -include /localdev/ijankowski/tt-metal-cache/tt-metal-cache/pch/8087c23d45df8f4c/pch.h -DIS_NOT_POW2_NUM_DRAM_BANKS=1 -DIS_NOT_POW2_NUM_L1_BANKS=1 -DNUM_DRAM_BANKS=12 -DNUM_L1_BANKS=80 -DPCIE_NOC_X=0 -DPCIE_NOC_Y=3 -DTENSIX_FIRMWARE -DLOCAL_MEM_EN=0 -DPROFILE_KERNEL=1 -DPROFILER_FULL_HOST_BUFFER_SIZE_PER_RISC=48000 -DPROCESSOR_INDEX=3 -DUCK_CHLKC_MATH -DCOMPILE_FOR_TRISC=1 -DPROGRAMMABLE_CORE_TYPE=0 -DARCH_WORMHOLE -DDISPATCH_MESSAGE_ADDR=4290183304 -DKERNEL_BUILD -DFULL_KERNEL_NAME="tanh_bw_tail_fused/2648999104648266046/" -DKERNEL_COMPILE_TIME_ARGS=3 -c -o /localdev/ijankowski/tt-metal-cache/tt-metal-cache16910734055087701861/kernels/tanh_bw_tail_fused/2648999104648266046/trisc1/trisck.971022583314083220_5732.o /localdev/ijankowski/tt-metal-pin/tt_metal/hw/firmware/src/tt-1xx/trisck.cc -MF /localdev/ijankowski/tt-metal-cache/tt-metal-cache16910734055087701861/kernels/tanh_bw_tail_fused/2648999104648266046/trisc1/trisck.971022583314083220_5732.d
In file included from /home/ijankowski/tmp/numerical-backward-synthesis/tt/kernels/compute/tanh_bw_tail_fused.cpp:8,
                 from ../chlkc_math.cpp:4,
                 from /localdev/ijankowski/tt-metal-pin/tt_metal/hw/ckernels/wormhole_b0/metal/common/chlkc_list.h:16,
                 from /localdev/ijankowski/tt-metal-pin/tt_metal/hw/firmware/src/tt-1xx/trisck.cc:14:
/home/ijankowski/tmp/numerical-backward-synthesis/tt/kernels/compute/tanh_bw_tail_fused.cpp: In function 'void kernel_main()':
/localdev/ijankowski/tt-metal-pin/tt_metal/tools/profiler/kernel_profiler.hpp:32:22: note: '#pragma message: BW_SYN_TANH_VENDOR_FUSED,/home/ijankowski/tmp/numerical-backward-synthesis/tt/kernels/compute/tanh_bw_tail_fused.cpp,101,KERNEL_PROFILER'
   32 | #define DO_PRAGMA(x) _Pragma(#x)
      |                      ^~~~~~~
/localdev/ijankowski/tt-metal-pin/tt_metal/tools/profiler/kernel_profiler.hpp:988:5: note: in expansion of macro 'DO_PRAGMA'
  988 |     DO_PRAGMA(message(PROFILER_MSG_NAME(name)));                               \
      |     ^~~~~~~~~
/home/ijankowski/tmp/numerical-backward-synthesis/tt/kernels/compute/tanh_bw_tail_fused.cpp:101:5: note: in expansion of macro 'DeviceZoneScopedN'
  101 |     DeviceZoneScopedN("BW_SYN_TANH_VENDOR_FUSED");
      |     ^~~~~~~~~~~~~~~~~
/localdev/ijankowski/tt-metal-pin/tt_metal/tools/profiler/kernel_profiler.hpp:32:22: note: '#pragma message: BW_SYN_TANH_TAIL_FUSED,/home/ijankowski/tmp/numerical-backward-synthesis/tt/kernels/compute/tanh_bw_tail_fused.cpp,104,KERNEL_PROFILER'
   32 | #define DO_PRAGMA(x) _Pragma(#x)
      |                      ^~~~~~~
/localdev/ijankowski/tt-metal-pin/tt_metal/tools/profiler/kernel_profiler.hpp:988:5: note: in expansion of macro 'DO_PRAGMA'
  988 |     DO_PRAGMA(message(PROFILER_MSG_NAME(name)));                               \
      |     ^~~~~~~~~
/home/ijankowski/tmp/numerical-backward-synthesis/tt/kernels/compute/tanh_bw_tail_fused.cpp:104:5: note: in expansion of macro 'DeviceZoneScopedN'
  104 |     DeviceZoneScopedN("BW_SYN_TANH_TAIL_FUSED");
      |     ^~~~~~~~~~~~~~~~~
/localdev/ijankowski/tt-metal-pin/tt_metal/hw/firmware/src/tt-1xx/trisck.cc: In function 'uint32_t _start()':
/localdev/ijankowski/tt-metal-pin/tt_metal/tools/profiler/kernel_profiler.hpp:32:22: note: '#pragma message: TRISC-KERNEL,/localdev/ijankowski/tt-metal-pin/tt_metal/hw/firmware/src/tt-1xx/trisck.cc,89,KERNEL_PROFILER'
   32 | #define DO_PRAGMA(x) _Pragma(#x)
      |                      ^~~~~~~
/localdev/ijankowski/tt-metal-pin/tt_metal/tools/profiler/kernel_profiler.hpp:1047:5: note: in expansion of macro 'DO_PRAGMA'
 1047 |     DO_PRAGMA(message(PROFILER_MSG_NAME(name)));                               \
      |     ^~~~~~~~~
/localdev/ijankowski/tt-metal-pin/tt_metal/hw/firmware/src/tt-1xx/trisck.cc:89:5: note: in expansion of macro 'DeviceZoneScopedMainChildN'
   89 |     DeviceZoneScopedMainChildN("TRISC-KERNEL");
      |     ^~~~~~~~~~~~~~~~~~~~~~~~~~
Building trisc0, compile step:
/localdev/ijankowski/tt-metal-pin/runtime/sfpi/compiler/bin/riscv-tt-elf-g++ -O3 -std=c++17 -ftt-nttp -ftt-constinit -ftt-consteval -ftt-no-dyninit -flto=1 -flto-partition=one -ffast-math -fno-finite-math-only -fsigned-zeros -fno-associative-math -fno-exceptions -fno-rtti -fno-use-cxa-atexit -g -MMD -Wall -Werror -Wno-error=deprecated-declarations -Wno-error=multistatement-macros -Wno-error=parentheses -Wno-error=unused-but-set-variable -Wno-unused-variable -Wno-unused-function --param=min-pagesize=0 -mcpu=tt-wh-tensix -Winvalid-pch -Wno-error=invalid-pch -I. -I.. -I/localdev/ijankowski/tt-metal-pin/ -I/localdev/ijankowski/tt-metal-pin/ttnn -I/localdev/ijankowski/tt-metal-pin/ttnn/cpp -I/localdev/ijankowski/tt-metal-pin/tt_metal -I/localdev/ijankowski/tt-metal-pin/tt_metal/hw/inc -I/localdev/ijankowski/tt-metal-pin/tt_metal/tt-llk/common -I/localdev/ijankowski/tt-metal-pin/tt_metal/tt-llk/tools/include -I/localdev/ijankowski/tt-metal-pin/tt_metal/hostdevcommon/api -I/localdev/ijankowski/tt-metal-pin/tt_metal/api/ -I/localdev/ijankowski/tt-metal-pin/runtime/sfpi/include -I/localdev/ijankowski/tt-metal-pin/tt_metal/hw/ckernels/wormhole_b0/metal/common -I/localdev/ijankowski/tt-metal-pin/tt_metal/hw/ckernels/wormhole_b0/metal/llk_io -I/localdev/ijankowski/tt-metal-pin/tt_metal/hw/inc/internal/tt-1xx -I/localdev/ijankowski/tt-metal-pin/tt_metal/hw/inc/internal/tt-1xx/wormhole -I/localdev/ijankowski/tt-metal-pin/tt_metal/hw/inc/internal/tt-1xx/wormhole/wormhole_b0_defines -I/localdev/ijankowski/tt-metal-pin/tt_metal/hw/inc/internal/tt-1xx/wormhole/noc -I/localdev/ijankowski/tt-metal-pin/tt_metal/tt-llk/tt_llk_wormhole_b0/common/inc -I/localdev/ijankowski/tt-metal-pin/tt_metal/tt-llk/tt_llk_wormhole_b0/llk_lib -I/localdev/ijankowski/tt-metal-pin/tt_metal/hw/ckernels/wormhole_b0/metal/llk_api -I/localdev/ijankowski/tt-metal-pin/tt_metal/hw/ckernels/wormhole_b0/metal/llk_api/llk_sfpu -I/localdev/ijankowski/tt-metal-pin/tt_metal/hw/firmware/src/tt-1xx -I/home/ijankowski/tmp/numerical-backward-synthesis/tt/kernels/compute -include /localdev/ijankowski/tt-metal-cache/tt-metal-cache/pch/8087c23d45df8f4c/pch.h -DIS_NOT_POW2_NUM_DRAM_BANKS=1 -DIS_NOT_POW2_NUM_L1_BANKS=1 -DNUM_DRAM_BANKS=12 -DNUM_L1_BANKS=80 -DPCIE_NOC_X=0 -DPCIE_NOC_Y=3 -DTENSIX_FIRMWARE -DLOCAL_MEM_EN=0 -DPROFILE_KERNEL=1 -DPROFILER_FULL_HOST_BUFFER_SIZE_PER_RISC=48000 -DPROCESSOR_INDEX=2 -DUCK_CHLKC_UNPACK -DCOMPILE_FOR_TRISC=0 -DPROGRAMMABLE_CORE_TYPE=0 -DARCH_WORMHOLE -DDISPATCH_MESSAGE_ADDR=4290183304 -DKERNEL_BUILD -DFULL_KERNEL_NAME="tanh_bw_tail_fused/711559086891186416/" -DKERNEL_COMPILE_TIME_ARGS=0 -c -o /localdev/ijankowski/tt-metal-cache/tt-metal-cache16910734055087701861/kernels/tanh_bw_tail_fused/711559086891186416/trisc0/trisck.971022583314083220_5732.o /localdev/ijankowski/tt-metal-pin/tt_metal/hw/firmware/src/tt-1xx/trisck.cc -MF /localdev/ijankowski/tt-metal-cache/tt-metal-cache16910734055087701861/kernels/tanh_bw_tail_fused/711559086891186416/trisc0/trisck.971022583314083220_5732.d
In file included from /localdev/ijankowski/tt-metal-pin/tt_metal/hw/ckernels/wormhole_b0/metal/llk_io/llk_io_unpack.h:13,
                 from /localdev/ijankowski/tt-metal-pin/tt_metal/hw/inc/api/compute/cb_api.h:15,
                 from /localdev/ijankowski/tt-metal-pin/tt_metal/hw/inc/api/compute/common.h:11,
                 from /home/ijankowski/tmp/numerical-backward-synthesis/tt/kernels/compute/tanh_bw_tail_fused.cpp:3,
                 from ../chlkc_unpack.cpp:4,
                 from /localdev/ijankowski/tt-metal-pin/tt_metal/hw/ckernels/wormhole_b0/metal/common/chlkc_list.h:26,
                 from /localdev/ijankowski/tt-metal-pin/tt_metal/hw/firmware/src/tt-1xx/trisck.cc:14:
/localdev/ijankowski/tt-metal-pin/tt_metal/hw/ckernels/wormhole_b0/metal/llk_io/llk_io_unpack.h: In function 'void llk_wait_tiles(int, int32_t)':
/localdev/ijankowski/tt-metal-pin/tt_metal/tools/profiler/kernel_profiler.hpp:32:22: note: '#pragma message: CB-COMPUTE-WAIT-FRONT,/localdev/ijankowski/tt-metal-pin/tt_metal/hw/ckernels/wormhole_b0/metal/llk_io/llk_io_unpack.h,68,KERNEL_PROFILER'
   32 | #define DO_PRAGMA(x) _Pragma(#x)
      |                      ^~~~~~~
/localdev/ijankowski/tt-metal-pin/tt_metal/tools/profiler/kernel_profiler.hpp:1052:5: note: in expansion of macro 'DO_PRAGMA'
 1052 |     DO_PRAGMA(message(PROFILER_MSG_NAME(name)));                               \
      |     ^~~~~~~~~
/localdev/ijankowski/tt-metal-pin/tt_metal/hw/ckernels/wormhole_b0/metal/llk_io/llk_io_unpack.h:68:5: note: in expansion of macro 'DeviceZoneScopedSumN1'
   68 |     DeviceZoneScopedSumN1("CB-COMPUTE-WAIT-FRONT");
      |     ^~~~~~~~~~~~~~~~~~~~~
/home/ijankowski/tmp/numerical-backward-synthesis/tt/kernels/compute/tanh_bw_tail_fused.cpp: In function 'void kernel_main()':
/localdev/ijankowski/tt-metal-pin/tt_metal/tools/profiler/kernel_profiler.hpp:32:22: note: '#pragma message: BW_SYN_TANH_VENDOR_FUSED,/home/ijankowski/tmp/numerical-backward-synthesis/tt/kernels/compute/tanh_bw_tail_fused.cpp,101,KERNEL_PROFILER'
   32 | #define DO_PRAGMA(x) _Pragma(#x)
      |                      ^~~~~~~
/localdev/ijankowski/tt-metal-pin/tt_metal/tools/profiler/kernel_profiler.hpp:988:5: note: in expansion of macro 'DO_PRAGMA'
  988 |     DO_PRAGMA(message(PROFILER_MSG_NAME(name)));                               \
      |     ^~~~~~~~~
/home/ijankowski/tmp/numerical-backward-synthesis/tt/kernels/compute/tanh_bw_tail_fused.cpp:101:5: note: in expansion of macro 'DeviceZoneScopedN'
  101 |     DeviceZoneScopedN("BW_SYN_TANH_VENDOR_FUSED");
      |     ^~~~~~~~~~~~~~~~~
/localdev/ijankowski/tt-metal-pin/tt_metal/tools/profiler/kernel_profiler.hpp:32:22: note: '#pragma message: BW_SYN_TANH_TAIL_FUSED,/home/ijankowski/tmp/numerical-backward-synthesis/tt/kernels/compute/tanh_bw_tail_fused.cpp,104,KERNEL_PROFILER'
   32 | #define DO_PRAGMA(x) _Pragma(#x)
      |                      ^~~~~~~
/localdev/ijankowski/tt-metal-pin/tt_metal/tools/profiler/kernel_profiler.hpp:988:5: note: in expansion of macro 'DO_PRAGMA'
  988 |     DO_PRAGMA(message(PROFILER_MSG_NAME(name)));                               \
      |     ^~~~~~~~~
/home/ijankowski/tmp/numerical-backward-synthesis/tt/kernels/compute/tanh_bw_tail_fused.cpp:104:5: note: in expansion of macro 'DeviceZoneScopedN'
  104 |     DeviceZoneScopedN("BW_SYN_TANH_TAIL_FUSED");
      |     ^~~~~~~~~~~~~~~~~
/localdev/ijankowski/tt-metal-pin/tt_metal/hw/firmware/src/tt-1xx/trisck.cc: In function 'uint32_t _start()':
/localdev/ijankowski/tt-metal-pin/tt_metal/tools/profiler/kernel_profiler.hpp:32:22: note: '#pragma message: TRISC-KERNEL,/localdev/ijankowski/tt-metal-pin/tt_metal/hw/firmware/src/tt-1xx/trisck.cc,89,KERNEL_PROFILER'
   32 | #define DO_PRAGMA(x) _Pragma(#x)
      |                      ^~~~~~~
/localdev/ijankowski/tt-metal-pin/tt_metal/tools/profiler/kernel_profiler.hpp:1047:5: note: in expansion of macro 'DO_PRAGMA'
 1047 |     DO_PRAGMA(message(PROFILER_MSG_NAME(name)));                               \
      |     ^~~~~~~~~
/localdev/ijankowski/tt-metal-pin/tt_metal/hw/firmware/src/tt-1xx/trisck.cc:89:5: note: in expansion of macro 'DeviceZoneScopedMainChildN'
   89 |     DeviceZoneScopedMainChildN("TRISC-KERNEL");
      |     ^~~~~~~~~~~~~~~~~~~~~~~~~~
Building trisc2, compile step:
/localdev/ijankowski/tt-metal-pin/runtime/sfpi/compiler/bin/riscv-tt-elf-g++ -O3 -std=c++17 -ftt-nttp -ftt-constinit -ftt-consteval -ftt-no-dyninit -flto=1 -flto-partition=one -ffast-math -fno-finite-math-only -fsigned-zeros -fno-associative-math -fno-exceptions -fno-rtti -fno-use-cxa-atexit -g -MMD -Wall -Werror -Wno-error=deprecated-declarations -Wno-error=multistatement-macros -Wno-error=parentheses -Wno-error=unused-but-set-variable -Wno-unused-variable -Wno-unused-function --param=min-pagesize=0 -mcpu=tt-wh-tensix -Winvalid-pch -Wno-error=invalid-pch -I. -I.. -I/localdev/ijankowski/tt-metal-pin/ -I/localdev/ijankowski/tt-metal-pin/ttnn -I/localdev/ijankowski/tt-metal-pin/ttnn/cpp -I/localdev/ijankowski/tt-metal-pin/tt_metal -I/localdev/ijankowski/tt-metal-pin/tt_metal/hw/inc -I/localdev/ijankowski/tt-metal-pin/tt_metal/tt-llk/common -I/localdev/ijankowski/tt-metal-pin/tt_metal/tt-llk/tools/include -I/localdev/ijankowski/tt-metal-pin/tt_metal/hostdevcommon/api -I/localdev/ijankowski/tt-metal-pin/tt_metal/api/ -I/localdev/ijankowski/tt-metal-pin/runtime/sfpi/include -I/localdev/ijankowski/tt-metal-pin/tt_metal/hw/ckernels/wormhole_b0/metal/common -I/localdev/ijankowski/tt-metal-pin/tt_metal/hw/ckernels/wormhole_b0/metal/llk_io -I/localdev/ijankowski/tt-metal-pin/tt_metal/hw/inc/internal/tt-1xx -I/localdev/ijankowski/tt-metal-pin/tt_metal/hw/inc/internal/tt-1xx/wormhole -I/localdev/ijankowski/tt-metal-pin/tt_metal/hw/inc/internal/tt-1xx/wormhole/wormhole_b0_defines -I/localdev/ijankowski/tt-metal-pin/tt_metal/hw/inc/internal/tt-1xx/wormhole/noc -I/localdev/ijankowski/tt-metal-pin/tt_metal/tt-llk/tt_llk_wormhole_b0/common/inc -I/localdev/ijankowski/tt-metal-pin/tt_metal/tt-llk/tt_llk_wormhole_b0/llk_lib -I/localdev/ijankowski/tt-metal-pin/tt_metal/hw/ckernels/wormhole_b0/metal/llk_api -I/localdev/ijankowski/tt-metal-pin/tt_metal/hw/ckernels/wormhole_b0/metal/llk_api/llk_sfpu -I/localdev/ijankowski/tt-metal-pin/tt_metal/hw/firmware/src/tt-1xx -I/home/ijankowski/tmp/numerical-backward-synthesis/tt/kernels/compute -include /localdev/ijankowski/tt-metal-cache/tt-metal-cache/pch/8087c23d45df8f4c/pch.h -DIS_NOT_POW2_NUM_DRAM_BANKS=1 -DIS_NOT_POW2_NUM_L1_BANKS=1 -DNUM_DRAM_BANKS=12 -DNUM_L1_BANKS=80 -DPCIE_NOC_X=0 -DPCIE_NOC_Y=3 -DTENSIX_FIRMWARE -DLOCAL_MEM_EN=0 -DPROFILE_KERNEL=1 -DPROFILER_FULL_HOST_BUFFER_SIZE_PER_RISC=48000 -DPROCESSOR_INDEX=4 -DUCK_CHLKC_PACK -DCOMPILE_FOR_TRISC=2 -DPROGRAMMABLE_CORE_TYPE=0 -DARCH_WORMHOLE -DDISPATCH_MESSAGE_ADDR=4290183304 -DKERNEL_BUILD -DFULL_KERNEL_NAME="tanh_bw_tail_fused/711559086891186416/" -DKERNEL_COMPILE_TIME_ARGS=0 -c -o /localdev/ijankowski/tt-metal-cache/tt-metal-cache16910734055087701861/kernels/tanh_bw_tail_fused/711559086891186416/trisc2/trisck.971022583314083220_5732.o /localdev/ijankowski/tt-metal-pin/tt_metal/hw/firmware/src/tt-1xx/trisck.cc -MF /localdev/ijankowski/tt-metal-cache/tt-metal-cache16910734055087701861/kernels/tanh_bw_tail_fused/711559086891186416/trisc2/trisck.971022583314083220_5732.d
In file included from /localdev/ijankowski/tt-metal-pin/tt_metal/hw/ckernels/wormhole_b0/metal/llk_io/llk_io_pack.h:14,
                 from /localdev/ijankowski/tt-metal-pin/tt_metal/hw/inc/api/compute/cb_api.h:12,
                 from /localdev/ijankowski/tt-metal-pin/tt_metal/hw/inc/api/compute/common.h:11,
                 from /home/ijankowski/tmp/numerical-backward-synthesis/tt/kernels/compute/tanh_bw_tail_fused.cpp:3,
                 from ../chlkc_pack.cpp:4,
                 from /localdev/ijankowski/tt-metal-pin/tt_metal/hw/ckernels/wormhole_b0/metal/common/chlkc_list.h:21,
                 from /localdev/ijankowski/tt-metal-pin/tt_metal/hw/firmware/src/tt-1xx/trisck.cc:14:
/localdev/ijankowski/tt-metal-pin/tt_metal/hw/ckernels/wormhole_b0/metal/llk_io/llk_io_pack.h: In function 'void llk_wait_for_free_tiles(int32_t, int32_t)':
/localdev/ijankowski/tt-metal-pin/tt_metal/tools/profiler/kernel_profiler.hpp:32:22: note: '#pragma message: CB-COMPUTE-RESERVE-BACK,/localdev/ijankowski/tt-metal-pin/tt_metal/hw/ckernels/wormhole_b0/metal/llk_io/llk_io_pack.h,21,KERNEL_PROFILER'
   32 | #define DO_PRAGMA(x) _Pragma(#x)
      |                      ^~~~~~~
/localdev/ijankowski/tt-metal-pin/tt_metal/tools/profiler/kernel_profiler.hpp:1057:5: note: in expansion of macro 'DO_PRAGMA'
 1057 |     DO_PRAGMA(message(PROFILER_MSG_NAME(name)));                               \
      |     ^~~~~~~~~
/localdev/ijankowski/tt-metal-pin/tt_metal/hw/ckernels/wormhole_b0/metal/llk_io/llk_io_pack.h:21:5: note: in expansion of macro 'DeviceZoneScopedSumN2'
   21 |     DeviceZoneScopedSumN2("CB-COMPUTE-RESERVE-BACK");
      |     ^~~~~~~~~~~~~~~~~~~~~
/home/ijankowski/tmp/numerical-backward-synthesis/tt/kernels/compute/tanh_bw_tail_fused.cpp: In function 'void kernel_main()':
/localdev/ijankowski/tt-metal-pin/tt_metal/tools/profiler/kernel_profiler.hpp:32:22: note: '#pragma message: BW_SYN_TANH_VENDOR_FUSED,/home/ijankowski/tmp/numerical-backward-synthesis/tt/kernels/compute/tanh_bw_tail_fused.cpp,101,KERNEL_PROFILER'
   32 | #define DO_PRAGMA(x) _Pragma(#x)
      |                      ^~~~~~~
/localdev/ijankowski/tt-metal-pin/tt_metal/tools/profiler/kernel_profiler.hpp:988:5: note: in expansion of macro 'DO_PRAGMA'
  988 |     DO_PRAGMA(message(PROFILER_MSG_NAME(name)));                               \
      |     ^~~~~~~~~
/home/ijankowski/tmp/numerical-backward-synthesis/tt/kernels/compute/tanh_bw_tail_fused.cpp:101:5: note: in expansion of macro 'DeviceZoneScopedN'
  101 |     DeviceZoneScopedN("BW_SYN_TANH_VENDOR_FUSED");
      |     ^~~~~~~~~~~~~~~~~
/localdev/ijankowski/tt-metal-pin/tt_metal/tools/profiler/kernel_profiler.hpp:32:22: note: '#pragma message: BW_SYN_TANH_TAIL_FUSED,/home/ijankowski/tmp/numerical-backward-synthesis/tt/kernels/compute/tanh_bw_tail_fused.cpp,104,KERNEL_PROFILER'
   32 | #define DO_PRAGMA(x) _Pragma(#x)
      |                      ^~~~~~~
/localdev/ijankowski/tt-metal-pin/tt_metal/tools/profiler/kernel_profiler.hpp:988:5: note: in expansion of macro 'DO_PRAGMA'
  988 |     DO_PRAGMA(message(PROFILER_MSG_NAME(name)));                               \
      |     ^~~~~~~~~
/home/ijankowski/tmp/numerical-backward-synthesis/tt/kernels/compute/tanh_bw_tail_fused.cpp:104:5: note: in expansion of macro 'DeviceZoneScopedN'
  104 |     DeviceZoneScopedN("BW_SYN_TANH_TAIL_FUSED");
      |     ^~~~~~~~~~~~~~~~~
/localdev/ijankowski/tt-metal-pin/tt_metal/hw/firmware/src/tt-1xx/trisck.cc: In function 'uint32_t _start()':
/localdev/ijankowski/tt-metal-pin/tt_metal/tools/profiler/kernel_profiler.hpp:32:22: note: '#pragma message: TRISC-KERNEL,/localdev/ijankowski/tt-metal-pin/tt_metal/hw/firmware/src/tt-1xx/trisck.cc,89,KERNEL_PROFILER'
   32 | #define DO_PRAGMA(x) _Pragma(#x)
      |                      ^~~~~~~
/localdev/ijankowski/tt-metal-pin/tt_metal/tools/profiler/kernel_profiler.hpp:1047:5: note: in expansion of macro 'DO_PRAGMA'
 1047 |     DO_PRAGMA(message(PROFILER_MSG_NAME(name)));                               \
      |     ^~~~~~~~~
/localdev/ijankowski/tt-metal-pin/tt_metal/hw/firmware/src/tt-1xx/trisck.cc:89:5: note: in expansion of macro 'DeviceZoneScopedMainChildN'
   89 |     DeviceZoneScopedMainChildN("TRISC-KERNEL");
      |     ^~~~~~~~~~~~~~~~~~~~~~~~~~
Building trisc1, compile step:
/localdev/ijankowski/tt-metal-pin/runtime/sfpi/compiler/bin/riscv-tt-elf-g++ -O3 -std=c++17 -ftt-nttp -ftt-constinit -ftt-consteval -ftt-no-dyninit -flto=1 -flto-partition=one -ffast-math -fno-finite-math-only -fsigned-zeros -fno-associative-math -fno-exceptions -fno-rtti -fno-use-cxa-atexit -g -MMD -Wall -Werror -Wno-error=deprecated-declarations -Wno-error=multistatement-macros -Wno-error=parentheses -Wno-error=unused-but-set-variable -Wno-unused-variable -Wno-unused-function --param=min-pagesize=0 -mcpu=tt-wh-tensix -Winvalid-pch -Wno-error=invalid-pch -I. -I.. -I/localdev/ijankowski/tt-metal-pin/ -I/localdev/ijankowski/tt-metal-pin/ttnn -I/localdev/ijankowski/tt-metal-pin/ttnn/cpp -I/localdev/ijankowski/tt-metal-pin/tt_metal -I/localdev/ijankowski/tt-metal-pin/tt_metal/hw/inc -I/localdev/ijankowski/tt-metal-pin/tt_metal/tt-llk/common -I/localdev/ijankowski/tt-metal-pin/tt_metal/tt-llk/tools/include -I/localdev/ijankowski/tt-metal-pin/tt_metal/hostdevcommon/api -I/localdev/ijankowski/tt-metal-pin/tt_metal/api/ -I/localdev/ijankowski/tt-metal-pin/runtime/sfpi/include -I/localdev/ijankowski/tt-metal-pin/tt_metal/hw/ckernels/wormhole_b0/metal/common -I/localdev/ijankowski/tt-metal-pin/tt_metal/hw/ckernels/wormhole_b0/metal/llk_io -I/localdev/ijankowski/tt-metal-pin/tt_metal/hw/inc/internal/tt-1xx -I/localdev/ijankowski/tt-metal-pin/tt_metal/hw/inc/internal/tt-1xx/wormhole -I/localdev/ijankowski/tt-metal-pin/tt_metal/hw/inc/internal/tt-1xx/wormhole/wormhole_b0_defines -I/localdev/ijankowski/tt-metal-pin/tt_metal/hw/inc/internal/tt-1xx/wormhole/noc -I/localdev/ijankowski/tt-metal-pin/tt_metal/tt-llk/tt_llk_wormhole_b0/common/inc -I/localdev/ijankowski/tt-metal-pin/tt_metal/tt-llk/tt_llk_wormhole_b0/llk_lib -I/localdev/ijankowski/tt-metal-pin/tt_metal/hw/ckernels/wormhole_b0/metal/llk_api -I/localdev/ijankowski/tt-metal-pin/tt_metal/hw/ckernels/wormhole_b0/metal/llk_api/llk_sfpu -I/localdev/ijankowski/tt-metal-pin/tt_metal/hw/firmware/src/tt-1xx -I/home/ijankowski/tmp/numerical-backward-synthesis/tt/kernels/compute -include /localdev/ijankowski/tt-metal-cache/tt-metal-cache/pch/8087c23d45df8f4c/pch.h -DIS_NOT_POW2_NUM_DRAM_BANKS=1 -DIS_NOT_POW2_NUM_L1_BANKS=1 -DNUM_DRAM_BANKS=12 -DNUM_L1_BANKS=80 -DPCIE_NOC_X=0 -DPCIE_NOC_Y=3 -DTENSIX_FIRMWARE -DLOCAL_MEM_EN=0 -DPROFILE_KERNEL=1 -DPROFILER_FULL_HOST_BUFFER_SIZE_PER_RISC=48000 -DPROCESSOR_INDEX=3 -DUCK_CHLKC_MATH -DCOMPILE_FOR_TRISC=1 -DPROGRAMMABLE_CORE_TYPE=0 -DARCH_WORMHOLE -DDISPATCH_MESSAGE_ADDR=4290183304 -DKERNEL_BUILD -DFULL_KERNEL_NAME="tanh_bw_tail_fused/711559086891186416/" -DKERNEL_COMPILE_TIME_ARGS=0 -c -o /localdev/ijankowski/tt-metal-cache/tt-metal-cache16910734055087701861/kernels/tanh_bw_tail_fused/711559086891186416/trisc1/trisck.971022583314083220_5732.o /localdev/ijankowski/tt-metal-pin/tt_metal/hw/firmware/src/tt-1xx/trisck.cc -MF /localdev/ijankowski/tt-metal-cache/tt-metal-cache16910734055087701861/kernels/tanh_bw_tail_fused/711559086891186416/trisc1/trisck.971022583314083220_5732.d
In file included from /home/ijankowski/tmp/numerical-backward-synthesis/tt/kernels/compute/tanh_bw_tail_fused.cpp:8,
                 from ../chlkc_math.cpp:4,
                 from /localdev/ijankowski/tt-metal-pin/tt_metal/hw/ckernels/wormhole_b0/metal/common/chlkc_list.h:16,
                 from /localdev/ijankowski/tt-metal-pin/tt_metal/hw/firmware/src/tt-1xx/trisck.cc:14:
/home/ijankowski/tmp/numerical-backward-synthesis/tt/kernels/compute/tanh_bw_tail_fused.cpp: In function 'void kernel_main()':
/localdev/ijankowski/tt-metal-pin/tt_metal/tools/profiler/kernel_profiler.hpp:32:22: note: '#pragma message: BW_SYN_TANH_VENDOR_FUSED,/home/ijankowski/tmp/numerical-backward-synthesis/tt/kernels/compute/tanh_bw_tail_fused.cpp,101,KERNEL_PROFILER'
   32 | #define DO_PRAGMA(x) _Pragma(#x)
      |                      ^~~~~~~
/localdev/ijankowski/tt-metal-pin/tt_metal/tools/profiler/kernel_profiler.hpp:988:5: note: in expansion of macro 'DO_PRAGMA'
  988 |     DO_PRAGMA(message(PROFILER_MSG_NAME(name)));                               \
      |     ^~~~~~~~~
/home/ijankowski/tmp/numerical-backward-synthesis/tt/kernels/compute/tanh_bw_tail_fused.cpp:101:5: note: in expansion of macro 'DeviceZoneScopedN'
  101 |     DeviceZoneScopedN("BW_SYN_TANH_VENDOR_FUSED");
      |     ^~~~~~~~~~~~~~~~~
/localdev/ijankowski/tt-metal-pin/tt_metal/tools/profiler/kernel_profiler.hpp:32:22: note: '#pragma message: BW_SYN_TANH_TAIL_FUSED,/home/ijankowski/tmp/numerical-backward-synthesis/tt/kernels/compute/tanh_bw_tail_fused.cpp,104,KERNEL_PROFILER'
   32 | #define DO_PRAGMA(x) _Pragma(#x)
      |                      ^~~~~~~
/localdev/ijankowski/tt-metal-pin/tt_metal/tools/profiler/kernel_profiler.hpp:988:5: note: in expansion of macro 'DO_PRAGMA'
  988 |     DO_PRAGMA(message(PROFILER_MSG_NAME(name)));                               \
      |     ^~~~~~~~~
/home/ijankowski/tmp/numerical-backward-synthesis/tt/kernels/compute/tanh_bw_tail_fused.cpp:104:5: note: in expansion of macro 'DeviceZoneScopedN'
  104 |     DeviceZoneScopedN("BW_SYN_TANH_TAIL_FUSED");
      |     ^~~~~~~~~~~~~~~~~
/localdev/ijankowski/tt-metal-pin/tt_metal/hw/firmware/src/tt-1xx/trisck.cc: In function 'uint32_t _start()':
/localdev/ijankowski/tt-metal-pin/tt_metal/tools/profiler/kernel_profiler.hpp:32:22: note: '#pragma message: TRISC-KERNEL,/localdev/ijankowski/tt-metal-pin/tt_metal/hw/firmware/src/tt-1xx/trisck.cc,89,KERNEL_PROFILER'
   32 | #define DO_PRAGMA(x) _Pragma(#x)
      |                      ^~~~~~~
/localdev/ijankowski/tt-metal-pin/tt_metal/tools/profiler/kernel_profiler.hpp:1047:5: note: in expansion of macro 'DO_PRAGMA'
 1047 |     DO_PRAGMA(message(PROFILER_MSG_NAME(name)));                               \
      |     ^~~~~~~~~
/localdev/ijankowski/tt-metal-pin/tt_metal/hw/firmware/src/tt-1xx/trisck.cc:89:5: note: in expansion of macro 'DeviceZoneScopedMainChildN'
   89 |     DeviceZoneScopedMainChildN("TRISC-KERNEL");
      |     ^~~~~~~~~~~~~~~~~~~~~~~~~~
fused tail degree 3: 4636 normal-output cases of 6774; all pass=1; materialized baseline passes 3203
split4 passes 3798
vendor derivative-times-gradient passes 3278
fused vendor tail passes 3278
tail timing: 128 tiles, 5 warmup + 20 measured launches per kernel
2026-10-03 09:51:45.279 | info     |    BuildKernels | JIT cache stats: 18/25 hits (72.0%) [18 cached, 1194 build-once dedup, 0 merged artifacts, 0 merged genfiles] (build_cache_telemetry.cpp:268)
2026-10-03 09:51:45.279 | info     |    BuildKernels | JIT telemetry: 34 registered TelemetryTokens (build_cache_telemetry.cpp:325)
2026-10-03 09:51:45.304 | info     |          Device | Closing user mode device drivers (tt_cluster.cpp:519)
2026-10-03 09:51:45.304 | info     |             UMD | Closing devices in cluster (cluster.cpp:1319)
2026-10-03 09:51:45.381 | info     |             UMD | Closing devices in cluster completed. (cluster.cpp:1329)
2026-10-03 09:51:45.381 | info     |             UMD | Cluster destructor started. (cluster.cpp:1050)
2026-10-03 09:51:45.381 | info     |             UMD | Cluster destructor completed. (cluster.cpp:1063)
