-- Found umd at /localdev/ijankowski/tt-metal-pin/build/lib/cmake/umd
-- Found TT-Metalium at /localdev/ijankowski/tt-metal-pin/build/lib/cmake/tt-metalium
-- bw_syn 0.1.0 | tests=ON | ttmetal=ON
-- Configuring done (0.1s)
-- Generating done (0.0s)
-- Build files have been written to: /localdev/ijankowski/bw-syn-build-pin
[ 38%] Built target bw_syn
[ 42%] Built target bw_syn_cli
[ 47%] Built target export_results
[ 52%] Built target run_tt_harness
[ 57%] Built target summarize_tt_profiler
[ 66%] Built target test_bf16
[ 66%] Built target test_contract
[ 71%] Built target test_tanh_oracle
[ 76%] Built target test_scale_sep
[ 80%] Built target test_ir_transforms
[ 85%] Built target test_synth_semantics
[ 92%] Built target test_sigmoid
[ 95%] Built target test_tt_harness_sim
[100%] Built target test_elu
