2026-10-03 09:52:34.358 | info     |          Device | Opening user mode device driver (tt_cluster.cpp:223)
2026-10-03 09:52:34.358 | info     |             UMD | Cluster constructor started. (cluster.cpp:405)
2026-10-03 09:52:34.375 | info     |             UMD | Creating TopologyDiscovery for architecture: wormhole_b0 (topology_discovery.cpp:131)
2026-10-03 09:52:34.375 | info     |             UMD | Starting topology discovery. (topology_discovery.cpp:150)
2026-10-03 09:52:34.439 | info     |             UMD | Established firmware bundle version: 19.8.1 (topology_discovery.cpp:654)
2026-10-03 09:52:34.471 | info     |             UMD | Completed topology discovery. (topology_discovery.cpp:154)
2026-10-03 09:52:34.479 | warning  |             UMD | Board 0x100035100000000 has 24 chips, but expected 32 chips for board type ubb. (cluster_descriptor.cpp:1263)
2026-10-03 09:52:34.479 | warning  |             UMD | Board 0x100035130000000 has 8 chips, but expected 32 chips for board type ubb. (cluster_descriptor.cpp:1263)
2026-10-03 09:52:35.920 | info     |             UMD | Opening local chip ids/PCIe ids: {0, 1, 2, 3, 4, 5, 6, 7, 8, 9, 10, 11, 12, 13, 14, 15, 16, 17, 18, 19, 20, 21, 22, 23, 24, 25, 26, 27, 28, 29, 30, 31}/[16, 17, 18, 19, 20, 21, 22, 23, 24, 25, 26, 27, 28, 29, 30, 31, 8, 9, 10, 11, 12, 13, 14, 15, 0, 1, 2, 3, 4, 5, 6, 7] and remote chip ids {} (cluster.cpp:172)
2026-10-03 09:52:35.920 | info     |             UMD | IOMMU: enabled (cluster.cpp:146)
2026-10-03 09:52:35.920 | info     |             UMD | KMD version: 2.9.0 (cluster.cpp:149)
2026-10-03 09:52:35.920 | info     |             UMD | Cluster constructor completed. (cluster.cpp:719)
2026-10-03 09:52:35.939 | info     |             UMD | Starting devices in cluster (cluster.cpp:1305)
2026-10-03 09:52:35.999 | info     |             UMD | Starting devices in cluster completed. (cluster.cpp:1314)
2026-10-03 09:52:36.111 | info     |          Device | Slow dispatch mode: Using full logical grid (8, 10) (core_descriptor.cpp:257)
2026-10-03 09:52:36.111 | info     |     Distributed | Using auto discovery to generate mesh graph. (metal_env.cpp:421)
2026-10-03 09:52:36.111 | info     |     Distributed | Constructing control plane using auto-discovery (no mesh graph descriptor). (metal_env.cpp:483)
2026-10-03 09:52:36.195 | info     |          Fabric | Loaded physical groupings from: /localdev/ijankowski/tt-metal-pin/tests/tt_metal/tt_fabric/physical_groupings/wh_bh_rev_c_galaxy_physical_grouping_descriptor.textproto (physical_grouping_descriptor_core.cpp:813)
2026-10-03 09:52:36.229 | info     |          Fabric | Matching MESH mgd groupings to MESH groupings (physical_grouping_descriptor_matching.cpp:1428)
2026-10-03 09:52:36.229 | info     |          Fabric | Grouping valid candidates by node difference (physical_grouping_descriptor_matching.cpp:1522)
2026-10-03 09:52:36.232 | info     |          Fabric | Physical groupings: Mesh graph descriptor 'M0': 4 topology match(es), committed: 4x8_Mesh_flat (MESH), 4x8_Mesh_flat_torus_x (TORUSX), 4x8_Mesh_flat_torus_y (TORUSY), 4x8_Mesh_flat_torus_xy (TORUSXY) (physical_grouping_descriptor_matching.cpp:1731)
2026-10-03 09:52:36.235 | info     |          Fabric | Physical groupings: Mesh graph descriptor 'M0': MGD placement fallback M0 (MESH) embeds on PSD (physical_grouping_descriptor_matching.cpp:1848)
2026-10-03 09:52:36.272 | info     |          Device | Slow dispatch mode: Using full logical grid (8, 10) (core_descriptor.cpp:257)
2026-10-03 09:52:36.443 | warning  |           Metal | Opening subset of mmio devices slows down UMD read/write to remote chips. If opening more devices, consider using distributed::MeshDevice::create_unit_meshes(). (device_manager.cpp:264)
format probe: 8 observations written to results/runs/wormhole_d8d09c0_20261003T095212Z_d3/format.csv
2026-10-03 09:52:36.629 | info     |    BuildKernels | JIT cache stats: 17/17 hits (100.0%) [17 cached, 48 build-once dedup, 0 merged artifacts, 0 merged genfiles] (build_cache_telemetry.cpp:268)
2026-10-03 09:52:36.629 | info     |    BuildKernels | JIT telemetry: 26 registered TelemetryTokens (build_cache_telemetry.cpp:325)
2026-10-03 09:52:36.671 | info     |          Device | Closing user mode device drivers (tt_cluster.cpp:519)
2026-10-03 09:52:36.671 | info     |             UMD | Closing devices in cluster (cluster.cpp:1319)
2026-10-03 09:52:36.746 | info     |             UMD | Closing devices in cluster completed. (cluster.cpp:1329)
2026-10-03 09:52:36.746 | info     |             UMD | Cluster destructor started. (cluster.cpp:1050)
2026-10-03 09:52:36.746 | info     |             UMD | Cluster destructor completed. (cluster.cpp:1063)
